INFO:     Will watch for changes in these directories: ['/Users/norbulama/Documents/Coding/FastAPI']
INFO:     Uvicorn running on http://127.0.0.1:8000 (Press CTRL+C to quit)
INFO:     Started reloader process [48278] using WatchFiles
INFO:     Started server process [48285]
INFO:     Waiting for application startup.
INFO:     Application startup complete.
INFO:     127.0.0.1:51577 - "POST /books HTTP/1.1" 500 Internal Server Error
ERROR:    Exception in ASGI application
Traceback (most recent call last):
  File "/Users/norbulama/Documents/Coding/FastAPI/app/.venv/lib/python3.12/site-packages/sqlalchemy/engine/base.py", line 1969, in _exec_single_context
    self.dialect.do_execute(
  File "/Users/norbulama/Documents/Coding/FastAPI/app/.venv/lib/python3.12/site-packages/sqlalchemy/engine/default.py", line 952, in do_execute
    cursor.execute(statement, parameters)
  File "/Users/norbulama/Documents/Coding/FastAPI/app/.venv/lib/python3.12/site-packages/psycopg/cursor.py", line 117, in execute
    raise ex.with_traceback(None)
psycopg.errors.NotNullViolation: null value in column "author_id" of relation "books" violates not-null constraint
DETAIL:  Failing row contains (9, Dune, 1965, null, null, 2026-09-22 14:46:47.12013).

The above exception was the direct cause of the following exception:

Traceback (most recent call last):
  File "/Users/norbulama/Documents/Coding/FastAPI/app/crud/crud.py", line 34, in create
    db.commit()
  File "/Users/norbulama/Documents/Coding/FastAPI/app/.venv/lib/python3.12/site-packages/sqlalchemy/orm/session.py", line 2035, in commit
    trans.commit(_to_root=True)
  File "<string>", line 2, in commit
  File "/Users/norbulama/Documents/Coding/FastAPI/app/.venv/lib/python3.12/site-packages/sqlalchemy/orm/state_changes.py", line 137, in _go
    ret_value = fn(self, *arg, **kw)
                ^^^^^^^^^^^^^^^^^^^^
  File "/Users/norbulama/Documents/Coding/FastAPI/app/.venv/lib/python3.12/site-packages/sqlalchemy/orm/session.py", line 1316, in commit
    self._prepare_impl()
  File "<string>", line 2, in _prepare_impl
  File "/Users/norbulama/Documents/Coding/FastAPI/app/.venv/lib/python3.12/site-packages/sqlalchemy/orm/state_changes.py", line 137, in _go
    ret_value = fn(self, *arg, **kw)
                ^^^^^^^^^^^^^^^^^^^^
  File "/Users/norbulama/Documents/Coding/FastAPI/app/.venv/lib/python3.12/site-packages/sqlalchemy/orm/session.py", line 1290, in _prepare_impl
    self.session.flush()
  File "/Users/norbulama/Documents/Coding/FastAPI/app/.venv/lib/python3.12/site-packages/sqlalchemy/orm/session.py", line 4353, in flush
    self._flush(objects)
  File "/Users/norbulama/Documents/Coding/FastAPI/app/.venv/lib/python3.12/site-packages/sqlalchemy/orm/session.py", line 4488, in _flush
    with util.safe_reraise():
         ^^^^^^^^^^^^^^^^^^^
  File "/Users/norbulama/Documents/Coding/FastAPI/app/.venv/lib/python3.12/site-packages/sqlalchemy/util/langhelpers.py", line 122, in __exit__
    raise exc_value.with_traceback(exc_tb)
  File "/Users/norbulama/Documents/Coding/FastAPI/app/.venv/lib/python3.12/site-packages/sqlalchemy/orm/session.py", line 4449, in _flush
    flush_context.execute()
  File "/Users/norbulama/Documents/Coding/FastAPI/app/.venv/lib/python3.12/site-packages/sqlalchemy/orm/unitofwork.py", line 465, in execute
    rec.execute(self)
  File "/Users/norbulama/Documents/Coding/FastAPI/app/.venv/lib/python3.12/site-packages/sqlalchemy/orm/unitofwork.py", line 641, in execute
    util.preloaded.orm_persistence.save_obj(
  File "/Users/norbulama/Documents/Coding/FastAPI/app/.venv/lib/python3.12/site-packages/sqlalchemy/orm/persistence.py", line 94, in save_obj
    _emit_insert_statements(
  File "/Users/norbulama/Documents/Coding/FastAPI/app/.venv/lib/python3.12/site-packages/sqlalchemy/orm/persistence.py", line 1234, in _emit_insert_statements
    result = connection.execute(
             ^^^^^^^^^^^^^^^^^^^
  File "/Users/norbulama/Documents/Coding/FastAPI/app/.venv/lib/python3.12/site-packages/sqlalchemy/engine/base.py", line 1421, in execute
    return meth(
           ^^^^^
  File "/Users/norbulama/Documents/Coding/FastAPI/app/.venv/lib/python3.12/site-packages/sqlalchemy/sql/elements.py", line 526, in _execute_on_connection
    return connection._execute_clauseelement(
           ^^^^^^^^^^^^^^^^^^^^^^^^^^^^^^^^^^
  File "/Users/norbulama/Documents/Coding/FastAPI/app/.venv/lib/python3.12/site-packages/sqlalchemy/engine/base.py", line 1643, in _execute_clauseelement
    ret = self._execute_context(
          ^^^^^^^^^^^^^^^^^^^^^^
  File "/Users/norbulama/Documents/Coding/FastAPI/app/.venv/lib/python3.12/site-packages/sqlalchemy/engine/base.py", line 1848, in _execute_context
    return self._exec_single_context(
           ^^^^^^^^^^^^^^^^^^^^^^^^^^
  File "/Users/norbulama/Documents/Coding/FastAPI/app/.venv/lib/python3.12/site-packages/sqlalchemy/engine/base.py", line 1988, in _exec_single_context
    self._handle_dbapi_exception(
  File "/Users/norbulama/Documents/Coding/FastAPI/app/.venv/lib/python3.12/site-packages/sqlalchemy/engine/base.py", line 2365, in _handle_dbapi_exception
    raise sqlalchemy_exception.with_traceback(exc_info[2]) from e
  File "/Users/norbulama/Documents/Coding/FastAPI/app/.venv/lib/python3.12/site-packages/sqlalchemy/engine/base.py", line 1969, in _exec_single_context
    self.dialect.do_execute(
  File "/Users/norbulama/Documents/Coding/FastAPI/app/.venv/lib/python3.12/site-packages/sqlalchemy/engine/default.py", line 952, in do_execute
    cursor.execute(statement, parameters)
  File "/Users/norbulama/Documents/Coding/FastAPI/app/.venv/lib/python3.12/site-packages/psycopg/cursor.py", line 117, in execute
    raise ex.with_traceback(None)
sqlalchemy.exc.IntegrityError: (psycopg.errors.NotNullViolation) null value in column "author_id" of relation "books" violates not-null constraint
DETAIL:  Failing row contains (9, Dune, 1965, null, null, 2026-09-22 14:46:47.12013).
[SQL: INSERT INTO books (title, year, isbn, author_id) VALUES (%(title)s::VARCHAR, %(year)s::INTEGER, %(isbn)s::VARCHAR, %(author_id)s::INTEGER) RETURNING books.id, books.created_at]
[parameters: {'title': 'Dune', 'year': 1965, 'isbn': None, 'author_id': None}]
(Background on this error at: https://sqlalche.me/e/20/gkpj)

The above exception was the direct cause of the following exception:

Traceback (most recent call last):
  File "/Users/norbulama/Documents/Coding/FastAPI/app/.venv/lib/python3.12/site-packages/uvicorn/protocols/http/httptools_impl.py", line 422, in run_asgi
    result = await app(  # type: ignore[func-returns-value]
             ^^^^^^^^^^^^^^^^^^^^^^^^^^^^^^^^^^^^^^^^^^^^^^
  File "/Users/norbulama/Documents/Coding/FastAPI/app/.venv/lib/python3.12/site-packages/uvicorn/middleware/proxy_headers.py", line 63, in __call__
    return await self.app(scope, receive, send)
           ^^^^^^^^^^^^^^^^^^^^^^^^^^^^^^^^^^^^
  File "/Users/norbulama/Documents/Coding/FastAPI/app/.venv/lib/python3.12/site-packages/fastapi/applications.py", line 1163, in __call__
    await super().__call__(scope, receive, send)
  File "/Users/norbulama/Documents/Coding/FastAPI/app/.venv/lib/python3.12/site-packages/starlette/applications.py", line 96, in __call__
    await self.middleware_stack(scope, receive, send)
  File "/Users/norbulama/Documents/Coding/FastAPI/app/.venv/lib/python3.12/site-packages/starlette/middleware/errors.py", line 186, in __call__
    raise exc
  File "/Users/norbulama/Documents/Coding/FastAPI/app/.venv/lib/python3.12/site-packages/starlette/middleware/errors.py", line 164, in __call__
    await self.app(scope, receive, _send)
  File "/Users/norbulama/Documents/Coding/FastAPI/app/.venv/lib/python3.12/site-packages/starlette/middleware/exceptions.py", line 63, in __call__
    await wrap_app_handling_exceptions(self.app, conn)(scope, receive, send)
  File "/Users/norbulama/Documents/Coding/FastAPI/app/.venv/lib/python3.12/site-packages/starlette/_exception_handler.py", line 53, in wrapped_app
    raise exc
  File "/Users/norbulama/Documents/Coding/FastAPI/app/.venv/lib/python3.12/site-packages/starlette/_exception_handler.py", line 42, in wrapped_app
    await app(scope, receive, sender)
  File "/Users/norbulama/Documents/Coding/FastAPI/app/.venv/lib/python3.12/site-packages/fastapi/middleware/asyncexitstack.py", line 18, in __call__
    await self.app(scope, receive, send)
  File "/Users/norbulama/Documents/Coding/FastAPI/app/.venv/lib/python3.12/site-packages/starlette/routing.py", line 670, in __call__
    await self.middleware_stack(scope, receive, send)
  File "/Users/norbulama/Documents/Coding/FastAPI/app/.venv/lib/python3.12/site-packages/fastapi/routing.py", line 2734, in app
    await route.handle(scope, receive, send)
  File "/Users/norbulama/Documents/Coding/FastAPI/app/.venv/lib/python3.12/site-packages/fastapi/routing.py", line 1780, in handle
    await self.original_router.handle(scope, receive, send)
  File "/Users/norbulama/Documents/Coding/FastAPI/app/.venv/lib/python3.12/site-packages/fastapi/routing.py", line 2789, in handle
    await included_router._handle_selected(scope, receive, send)
  File "/Users/norbulama/Documents/Coding/FastAPI/app/.venv/lib/python3.12/site-packages/fastapi/routing.py", line 1800, in _handle_selected
    await original_route.handle(scope, receive, send)
  File "/Users/norbulama/Documents/Coding/FastAPI/app/.venv/lib/python3.12/site-packages/fastapi/routing.py", line 1279, in handle
    await app(scope, receive, send)
  File "/Users/norbulama/Documents/Coding/FastAPI/app/.venv/lib/python3.12/site-packages/fastapi/routing.py", line 158, in app
    await wrap_app_handling_exceptions(app, request)(scope, receive, send)
  File "/Users/norbulama/Documents/Coding/FastAPI/app/.venv/lib/python3.12/site-packages/starlette/_exception_handler.py", line 53, in wrapped_app
    raise exc
  File "/Users/norbulama/Documents/Coding/FastAPI/app/.venv/lib/python3.12/site-packages/starlette/_exception_handler.py", line 42, in wrapped_app
    await app(scope, receive, sender)
  File "/Users/norbulama/Documents/Coding/FastAPI/app/.venv/lib/python3.12/site-packages/fastapi/routing.py", line 144, in app
    response = await f(request)
               ^^^^^^^^^^^^^^^^
  File "/Users/norbulama/Documents/Coding/FastAPI/app/.venv/lib/python3.12/site-packages/fastapi/routing.py", line 706, in app
    raw_response = await run_endpoint_function(
                   ^^^^^^^^^^^^^^^^^^^^^^^^^^^^
  File "/Users/norbulama/Documents/Coding/FastAPI/app/.venv/lib/python3.12/site-packages/fastapi/routing.py", line 354, in run_endpoint_function
    return await run_in_threadpool(dependant.call, **values)
           ^^^^^^^^^^^^^^^^^^^^^^^^^^^^^^^^^^^^^^^^^^^^^^^^^
  File "/Users/norbulama/Documents/Coding/FastAPI/app/.venv/lib/python3.12/site-packages/starlette/concurrency.py", line 34, in run_in_threadpool
    return await anyio.to_thread.run_sync(func)
           ^^^^^^^^^^^^^^^^^^^^^^^^^^^^^^^^^^^^
  File "/Users/norbulama/Documents/Coding/FastAPI/app/.venv/lib/python3.12/site-packages/anyio/to_thread.py", line 65, in run_sync
    return await get_async_backend().run_sync_in_worker_thread(
           ^^^^^^^^^^^^^^^^^^^^^^^^^^^^^^^^^^^^^^^^^^^^^^^^^^^^
  File "/Users/norbulama/Documents/Coding/FastAPI/app/.venv/lib/python3.12/site-packages/anyio/_backends/_asyncio.py", line 2706, in run_sync_in_worker_thread
    return await future
           ^^^^^^^^^^^^
  File "/Users/norbulama/Documents/Coding/FastAPI/app/.venv/lib/python3.12/site-packages/anyio/_backends/_asyncio.py", line 1100, in run
    result = context.run(func, *args)
             ^^^^^^^^^^^^^^^^^^^^^^^^
  File "/Users/norbulama/Documents/Coding/FastAPI/app/routers/books.py", line 54, in create_book
    return crud.create(db, book)
           ^^^^^^^^^^^^^^^^^^^^^
  File "/Users/norbulama/Documents/Coding/FastAPI/app/crud/crud.py", line 37, in create
    raise DuplicateISBN(data.isbn) from exc
app.exceptions.DuplicateISBN: None
WARNING:  WatchFiles detected changes in 'app/crud/crud.py'. Reloading...
INFO:     Shutting down
INFO:     Waiting for application shutdown.
INFO:     Application shutdown complete.
INFO:     Finished server process [48285]
INFO:     Started server process [49008]
INFO:     Waiting for application startup.
INFO:     Application startup complete.
WARNING:  WatchFiles detected changes in 'app/crud/crud.py'. Reloading...
INFO:     Shutting down
INFO:     Waiting for application shutdown.
INFO:     Application shutdown complete.
INFO:     Finished server process [49008]
INFO:     Started server process [49274]
INFO:     Waiting for application startup.
INFO:     Application startup complete.
WARNING:  WatchFiles detected changes in 'app/crud/crud.py'. Reloading...
INFO:     Shutting down
INFO:     Waiting for application shutdown.
INFO:     Application shutdown complete.
INFO:     Finished server process [49274]
INFO:     Started server process [49488]
INFO:     Waiting for application startup.
INFO:     Application startup complete.
INFO:     127.0.0.1:51594 - "POST /books HTTP/1.1" 500 Internal Server Error
ERROR:    Exception in ASGI application
Traceback (most recent call last):
  File "/Users/norbulama/Documents/Coding/FastAPI/app/.venv/lib/python3.12/site-packages/sqlalchemy/engine/base.py", line 1969, in _exec_single_context
    self.dialect.do_execute(
  File "/Users/norbulama/Documents/Coding/FastAPI/app/.venv/lib/python3.12/site-packages/sqlalchemy/engine/default.py", line 952, in do_execute
    cursor.execute(statement, parameters)
  File "/Users/norbulama/Documents/Coding/FastAPI/app/.venv/lib/python3.12/site-packages/psycopg/cursor.py", line 117, in execute
    raise ex.with_traceback(None)
psycopg.errors.NotNullViolation: null value in column "author_id" of relation "books" violates not-null constraint
DETAIL:  Failing row contains (10, Dune, 1965, null, null, 2026-09-22 14:50:09.033327).

The above exception was the direct cause of the following exception:

Traceback (most recent call last):
  File "/Users/norbulama/Documents/Coding/FastAPI/app/crud/crud.py", line 34, in create
    db.commit()
  File "/Users/norbulama/Documents/Coding/FastAPI/app/.venv/lib/python3.12/site-packages/sqlalchemy/orm/session.py", line 2035, in commit
    trans.commit(_to_root=True)
  File "<string>", line 2, in commit
  File "/Users/norbulama/Documents/Coding/FastAPI/app/.venv/lib/python3.12/site-packages/sqlalchemy/orm/state_changes.py", line 137, in _go
    ret_value = fn(self, *arg, **kw)
                ^^^^^^^^^^^^^^^^^^^^
  File "/Users/norbulama/Documents/Coding/FastAPI/app/.venv/lib/python3.12/site-packages/sqlalchemy/orm/session.py", line 1316, in commit
    self._prepare_impl()
  File "<string>", line 2, in _prepare_impl
  File "/Users/norbulama/Documents/Coding/FastAPI/app/.venv/lib/python3.12/site-packages/sqlalchemy/orm/state_changes.py", line 137, in _go
    ret_value = fn(self, *arg, **kw)
                ^^^^^^^^^^^^^^^^^^^^
  File "/Users/norbulama/Documents/Coding/FastAPI/app/.venv/lib/python3.12/site-packages/sqlalchemy/orm/session.py", line 1290, in _prepare_impl
    self.session.flush()
  File "/Users/norbulama/Documents/Coding/FastAPI/app/.venv/lib/python3.12/site-packages/sqlalchemy/orm/session.py", line 4353, in flush
    self._flush(objects)
  File "/Users/norbulama/Documents/Coding/FastAPI/app/.venv/lib/python3.12/site-packages/sqlalchemy/orm/session.py", line 4488, in _flush
    with util.safe_reraise():
         ^^^^^^^^^^^^^^^^^^^
  File "/Users/norbulama/Documents/Coding/FastAPI/app/.venv/lib/python3.12/site-packages/sqlalchemy/util/langhelpers.py", line 122, in __exit__
    raise exc_value.with_traceback(exc_tb)
  File "/Users/norbulama/Documents/Coding/FastAPI/app/.venv/lib/python3.12/site-packages/sqlalchemy/orm/session.py", line 4449, in _flush
    flush_context.execute()
  File "/Users/norbulama/Documents/Coding/FastAPI/app/.venv/lib/python3.12/site-packages/sqlalchemy/orm/unitofwork.py", line 465, in execute
    rec.execute(self)
  File "/Users/norbulama/Documents/Coding/FastAPI/app/.venv/lib/python3.12/site-packages/sqlalchemy/orm/unitofwork.py", line 641, in execute
    util.preloaded.orm_persistence.save_obj(
  File "/Users/norbulama/Documents/Coding/FastAPI/app/.venv/lib/python3.12/site-packages/sqlalchemy/orm/persistence.py", line 94, in save_obj
    _emit_insert_statements(
  File "/Users/norbulama/Documents/Coding/FastAPI/app/.venv/lib/python3.12/site-packages/sqlalchemy/orm/persistence.py", line 1234, in _emit_insert_statements
    result = connection.execute(
             ^^^^^^^^^^^^^^^^^^^
  File "/Users/norbulama/Documents/Coding/FastAPI/app/.venv/lib/python3.12/site-packages/sqlalchemy/engine/base.py", line 1421, in execute
    return meth(
           ^^^^^
  File "/Users/norbulama/Documents/Coding/FastAPI/app/.venv/lib/python3.12/site-packages/sqlalchemy/sql/elements.py", line 526, in _execute_on_connection
    return connection._execute_clauseelement(
           ^^^^^^^^^^^^^^^^^^^^^^^^^^^^^^^^^^
  File "/Users/norbulama/Documents/Coding/FastAPI/app/.venv/lib/python3.12/site-packages/sqlalchemy/engine/base.py", line 1643, in _execute_clauseelement
    ret = self._execute_context(
          ^^^^^^^^^^^^^^^^^^^^^^
  File "/Users/norbulama/Documents/Coding/FastAPI/app/.venv/lib/python3.12/site-packages/sqlalchemy/engine/base.py", line 1848, in _execute_context
    return self._exec_single_context(
           ^^^^^^^^^^^^^^^^^^^^^^^^^^
  File "/Users/norbulama/Documents/Coding/FastAPI/app/.venv/lib/python3.12/site-packages/sqlalchemy/engine/base.py", line 1988, in _exec_single_context
    self._handle_dbapi_exception(
  File "/Users/norbulama/Documents/Coding/FastAPI/app/.venv/lib/python3.12/site-packages/sqlalchemy/engine/base.py", line 2365, in _handle_dbapi_exception
    raise sqlalchemy_exception.with_traceback(exc_info[2]) from e
  File "/Users/norbulama/Documents/Coding/FastAPI/app/.venv/lib/python3.12/site-packages/sqlalchemy/engine/base.py", line 1969, in _exec_single_context
    self.dialect.do_execute(
  File "/Users/norbulama/Documents/Coding/FastAPI/app/.venv/lib/python3.12/site-packages/sqlalchemy/engine/default.py", line 952, in do_execute
    cursor.execute(statement, parameters)
  File "/Users/norbulama/Documents/Coding/FastAPI/app/.venv/lib/python3.12/site-packages/psycopg/cursor.py", line 117, in execute
    raise ex.with_traceback(None)
sqlalchemy.exc.IntegrityError: (psycopg.errors.NotNullViolation) null value in column "author_id" of relation "books" violates not-null constraint
DETAIL:  Failing row contains (10, Dune, 1965, null, null, 2026-09-22 14:50:09.033327).
[SQL: INSERT INTO books (title, year, isbn, author_id) VALUES (%(title)s::VARCHAR, %(year)s::INTEGER, %(isbn)s::VARCHAR, %(author_id)s::INTEGER) RETURNING books.id, books.created_at]
[parameters: {'title': 'Dune', 'year': 1965, 'isbn': None, 'author_id': None}]
(Background on this error at: https://sqlalche.me/e/20/gkpj)

The above exception was the direct cause of the following exception:

Traceback (most recent call last):
  File "/Users/norbulama/Documents/Coding/FastAPI/app/.venv/lib/python3.12/site-packages/uvicorn/protocols/http/httptools_impl.py", line 422, in run_asgi
    result = await app(  # type: ignore[func-returns-value]
             ^^^^^^^^^^^^^^^^^^^^^^^^^^^^^^^^^^^^^^^^^^^^^^
  File "/Users/norbulama/Documents/Coding/FastAPI/app/.venv/lib/python3.12/site-packages/uvicorn/middleware/proxy_headers.py", line 63, in __call__
    return await self.app(scope, receive, send)
           ^^^^^^^^^^^^^^^^^^^^^^^^^^^^^^^^^^^^
  File "/Users/norbulama/Documents/Coding/FastAPI/app/.venv/lib/python3.12/site-packages/fastapi/applications.py", line 1163, in __call__
    await super().__call__(scope, receive, send)
  File "/Users/norbulama/Documents/Coding/FastAPI/app/.venv/lib/python3.12/site-packages/starlette/applications.py", line 96, in __call__
    await self.middleware_stack(scope, receive, send)
  File "/Users/norbulama/Documents/Coding/FastAPI/app/.venv/lib/python3.12/site-packages/starlette/middleware/errors.py", line 186, in __call__
    raise exc
  File "/Users/norbulama/Documents/Coding/FastAPI/app/.venv/lib/python3.12/site-packages/starlette/middleware/errors.py", line 164, in __call__
    await self.app(scope, receive, _send)
  File "/Users/norbulama/Documents/Coding/FastAPI/app/.venv/lib/python3.12/site-packages/starlette/middleware/exceptions.py", line 63, in __call__
    await wrap_app_handling_exceptions(self.app, conn)(scope, receive, send)
  File "/Users/norbulama/Documents/Coding/FastAPI/app/.venv/lib/python3.12/site-packages/starlette/_exception_handler.py", line 53, in wrapped_app
    raise exc
  File "/Users/norbulama/Documents/Coding/FastAPI/app/.venv/lib/python3.12/site-packages/starlette/_exception_handler.py", line 42, in wrapped_app
    await app(scope, receive, sender)
  File "/Users/norbulama/Documents/Coding/FastAPI/app/.venv/lib/python3.12/site-packages/fastapi/middleware/asyncexitstack.py", line 18, in __call__
    await self.app(scope, receive, send)
  File "/Users/norbulama/Documents/Coding/FastAPI/app/.venv/lib/python3.12/site-packages/starlette/routing.py", line 670, in __call__
    await self.middleware_stack(scope, receive, send)
  File "/Users/norbulama/Documents/Coding/FastAPI/app/.venv/lib/python3.12/site-packages/fastapi/routing.py", line 2734, in app
    await route.handle(scope, receive, send)
  File "/Users/norbulama/Documents/Coding/FastAPI/app/.venv/lib/python3.12/site-packages/fastapi/routing.py", line 1780, in handle
    await self.original_router.handle(scope, receive, send)
  File "/Users/norbulama/Documents/Coding/FastAPI/app/.venv/lib/python3.12/site-packages/fastapi/routing.py", line 2789, in handle
    await included_router._handle_selected(scope, receive, send)
  File "/Users/norbulama/Documents/Coding/FastAPI/app/.venv/lib/python3.12/site-packages/fastapi/routing.py", line 1800, in _handle_selected
    await original_route.handle(scope, receive, send)
  File "/Users/norbulama/Documents/Coding/FastAPI/app/.venv/lib/python3.12/site-packages/fastapi/routing.py", line 1279, in handle
    await app(scope, receive, send)
  File "/Users/norbulama/Documents/Coding/FastAPI/app/.venv/lib/python3.12/site-packages/fastapi/routing.py", line 158, in app
    await wrap_app_handling_exceptions(app, request)(scope, receive, send)
  File "/Users/norbulama/Documents/Coding/FastAPI/app/.venv/lib/python3.12/site-packages/starlette/_exception_handler.py", line 53, in wrapped_app
    raise exc
  File "/Users/norbulama/Documents/Coding/FastAPI/app/.venv/lib/python3.12/site-packages/starlette/_exception_handler.py", line 42, in wrapped_app
    await app(scope, receive, sender)
  File "/Users/norbulama/Documents/Coding/FastAPI/app/.venv/lib/python3.12/site-packages/fastapi/routing.py", line 144, in app
    response = await f(request)
               ^^^^^^^^^^^^^^^^
  File "/Users/norbulama/Documents/Coding/FastAPI/app/.venv/lib/python3.12/site-packages/fastapi/routing.py", line 706, in app
    raw_response = await run_endpoint_function(
                   ^^^^^^^^^^^^^^^^^^^^^^^^^^^^
  File "/Users/norbulama/Documents/Coding/FastAPI/app/.venv/lib/python3.12/site-packages/fastapi/routing.py", line 354, in run_endpoint_function
    return await run_in_threadpool(dependant.call, **values)
           ^^^^^^^^^^^^^^^^^^^^^^^^^^^^^^^^^^^^^^^^^^^^^^^^^
  File "/Users/norbulama/Documents/Coding/FastAPI/app/.venv/lib/python3.12/site-packages/starlette/concurrency.py", line 34, in run_in_threadpool
    return await anyio.to_thread.run_sync(func)
           ^^^^^^^^^^^^^^^^^^^^^^^^^^^^^^^^^^^^
  File "/Users/norbulama/Documents/Coding/FastAPI/app/.venv/lib/python3.12/site-packages/anyio/to_thread.py", line 65, in run_sync
    return await get_async_backend().run_sync_in_worker_thread(
           ^^^^^^^^^^^^^^^^^^^^^^^^^^^^^^^^^^^^^^^^^^^^^^^^^^^^
  File "/Users/norbulama/Documents/Coding/FastAPI/app/.venv/lib/python3.12/site-packages/anyio/_backends/_asyncio.py", line 2706, in run_sync_in_worker_thread
    return await future
           ^^^^^^^^^^^^
  File "/Users/norbulama/Documents/Coding/FastAPI/app/.venv/lib/python3.12/site-packages/anyio/_backends/_asyncio.py", line 1100, in run
    result = context.run(func, *args)
             ^^^^^^^^^^^^^^^^^^^^^^^^
  File "/Users/norbulama/Documents/Coding/FastAPI/app/routers/books.py", line 54, in create_book
    return crud.create(db, book)
           ^^^^^^^^^^^^^^^^^^^^^
  File "/Users/norbulama/Documents/Coding/FastAPI/app/crud/crud.py", line 37, in create
    raise DuplicateISBN(data.isbn) from exc
app.exceptions.DuplicateISBN: None
WARNING:  WatchFiles detected changes in 'app/crud/crud.py'. Reloading...
INFO:     Shutting down
INFO:     Waiting for application shutdown.
INFO:     Application shutdown complete.
INFO:     Finished server process [49488]
INFO:     Started server process [49796]
INFO:     Waiting for application startup.
INFO:     Application startup complete.
INFO:     127.0.0.1:51597 - "POST /books HTTP/1.1" 500 Internal Server Error
ERROR:    Exception in ASGI application
Traceback (most recent call last):
  File "/Users/norbulama/Documents/Coding/FastAPI/app/.venv/lib/python3.12/site-packages/uvicorn/protocols/http/httptools_impl.py", line 422, in run_asgi
    result = await app(  # type: ignore[func-returns-value]
             ^^^^^^^^^^^^^^^^^^^^^^^^^^^^^^^^^^^^^^^^^^^^^^
  File "/Users/norbulama/Documents/Coding/FastAPI/app/.venv/lib/python3.12/site-packages/uvicorn/middleware/proxy_headers.py", line 63, in __call__
    return await self.app(scope, receive, send)
           ^^^^^^^^^^^^^^^^^^^^^^^^^^^^^^^^^^^^
  File "/Users/norbulama/Documents/Coding/FastAPI/app/.venv/lib/python3.12/site-packages/fastapi/applications.py", line 1163, in __call__
    await super().__call__(scope, receive, send)
  File "/Users/norbulama/Documents/Coding/FastAPI/app/.venv/lib/python3.12/site-packages/starlette/applications.py", line 96, in __call__
    await self.middleware_stack(scope, receive, send)
  File "/Users/norbulama/Documents/Coding/FastAPI/app/.venv/lib/python3.12/site-packages/starlette/middleware/errors.py", line 186, in __call__
    raise exc
  File "/Users/norbulama/Documents/Coding/FastAPI/app/.venv/lib/python3.12/site-packages/starlette/middleware/errors.py", line 164, in __call__
    await self.app(scope, receive, _send)
  File "/Users/norbulama/Documents/Coding/FastAPI/app/.venv/lib/python3.12/site-packages/starlette/middleware/exceptions.py", line 63, in __call__
    await wrap_app_handling_exceptions(self.app, conn)(scope, receive, send)
  File "/Users/norbulama/Documents/Coding/FastAPI/app/.venv/lib/python3.12/site-packages/starlette/_exception_handler.py", line 53, in wrapped_app
    raise exc
  File "/Users/norbulama/Documents/Coding/FastAPI/app/.venv/lib/python3.12/site-packages/starlette/_exception_handler.py", line 42, in wrapped_app
    await app(scope, receive, sender)
  File "/Users/norbulama/Documents/Coding/FastAPI/app/.venv/lib/python3.12/site-packages/fastapi/middleware/asyncexitstack.py", line 18, in __call__
    await self.app(scope, receive, send)
  File "/Users/norbulama/Documents/Coding/FastAPI/app/.venv/lib/python3.12/site-packages/starlette/routing.py", line 670, in __call__
    await self.middleware_stack(scope, receive, send)
  File "/Users/norbulama/Documents/Coding/FastAPI/app/.venv/lib/python3.12/site-packages/fastapi/routing.py", line 2734, in app
    await route.handle(scope, receive, send)
  File "/Users/norbulama/Documents/Coding/FastAPI/app/.venv/lib/python3.12/site-packages/fastapi/routing.py", line 1780, in handle
    await self.original_router.handle(scope, receive, send)
  File "/Users/norbulama/Documents/Coding/FastAPI/app/.venv/lib/python3.12/site-packages/fastapi/routing.py", line 2789, in handle
    await included_router._handle_selected(scope, receive, send)
  File "/Users/norbulama/Documents/Coding/FastAPI/app/.venv/lib/python3.12/site-packages/fastapi/routing.py", line 1800, in _handle_selected
    await original_route.handle(scope, receive, send)
  File "/Users/norbulama/Documents/Coding/FastAPI/app/.venv/lib/python3.12/site-packages/fastapi/routing.py", line 1279, in handle
    await app(scope, receive, send)
  File "/Users/norbulama/Documents/Coding/FastAPI/app/.venv/lib/python3.12/site-packages/fastapi/routing.py", line 158, in app
    await wrap_app_handling_exceptions(app, request)(scope, receive, send)
  File "/Users/norbulama/Documents/Coding/FastAPI/app/.venv/lib/python3.12/site-packages/starlette/_exception_handler.py", line 53, in wrapped_app
    raise exc
  File "/Users/norbulama/Documents/Coding/FastAPI/app/.venv/lib/python3.12/site-packages/starlette/_exception_handler.py", line 42, in wrapped_app
    await app(scope, receive, sender)
  File "/Users/norbulama/Documents/Coding/FastAPI/app/.venv/lib/python3.12/site-packages/fastapi/routing.py", line 144, in app
    response = await f(request)
               ^^^^^^^^^^^^^^^^
  File "/Users/norbulama/Documents/Coding/FastAPI/app/.venv/lib/python3.12/site-packages/fastapi/routing.py", line 727, in app
    content = await serialize_response(
              ^^^^^^^^^^^^^^^^^^^^^^^^^
  File "/Users/norbulama/Documents/Coding/FastAPI/app/.venv/lib/python3.12/site-packages/fastapi/routing.py", line 324, in serialize_response
    raise ResponseValidationError(
fastapi.exceptions.ResponseValidationError: 1 validation error:
  {'type': 'string_type', 'loc': ('response', 'author'), 'msg': 'Input should be a valid string', 'input': <app.models.Author object at 0x10aa60140>}

  File "/Users/norbulama/Documents/Coding/FastAPI/app/routers/books.py", line 41, in create_book
    POST /books
WARNING:  WatchFiles detected changes in 'app/crud/crud.py'. Reloading...
INFO:     Shutting down
INFO:     Waiting for application shutdown.
INFO:     Application shutdown complete.
INFO:     Finished server process [49796]
INFO:     Started server process [50024]
INFO:     Waiting for application startup.
INFO:     Application startup complete.
INFO:     127.0.0.1:51603 - "POST /books HTTP/1.1" 422 Unprocessable Entity
WARNING:  WatchFiles detected changes in 'app/schemas.py'. Reloading...
INFO:     Shutting down
INFO:     Waiting for application shutdown.
INFO:     Application shutdown complete.
INFO:     Finished server process [50024]
INFO:     Started server process [50932]
INFO:     Waiting for application startup.
INFO:     Application startup complete.
WARNING:  WatchFiles detected changes in 'app/schemas.py'. Reloading...
INFO:     Shutting down
INFO:     Waiting for application shutdown.
INFO:     Application shutdown complete.
INFO:     Finished server process [50932]
INFO:     Started server process [50978]
INFO:     Waiting for application startup.
INFO:     Application startup complete.
INFO:     127.0.0.1:51675 - "GET /docs HTTP/1.1" 200 OK
email-validator not installed, email fields will be treated as str.
To install, run: pip install email-validator
INFO:     127.0.0.1:51675 - "GET /openapi.json HTTP/1.1" 200 OK
INFO:     127.0.0.1:51682 - "POST /books HTTP/1.1" 500 Internal Server Error
ERROR:    Exception in ASGI application
Traceback (most recent call last):
  File "/Users/norbulama/Documents/Coding/FastAPI/app/.venv/lib/python3.12/site-packages/uvicorn/protocols/http/httptools_impl.py", line 422, in run_asgi
    result = await app(  # type: ignore[func-returns-value]
             ^^^^^^^^^^^^^^^^^^^^^^^^^^^^^^^^^^^^^^^^^^^^^^
  File "/Users/norbulama/Documents/Coding/FastAPI/app/.venv/lib/python3.12/site-packages/uvicorn/middleware/proxy_headers.py", line 63, in __call__
    return await self.app(scope, receive, send)
           ^^^^^^^^^^^^^^^^^^^^^^^^^^^^^^^^^^^^
  File "/Users/norbulama/Documents/Coding/FastAPI/app/.venv/lib/python3.12/site-packages/fastapi/applications.py", line 1163, in __call__
    await super().__call__(scope, receive, send)
  File "/Users/norbulama/Documents/Coding/FastAPI/app/.venv/lib/python3.12/site-packages/starlette/applications.py", line 96, in __call__
    await self.middleware_stack(scope, receive, send)
  File "/Users/norbulama/Documents/Coding/FastAPI/app/.venv/lib/python3.12/site-packages/starlette/middleware/errors.py", line 186, in __call__
    raise exc
  File "/Users/norbulama/Documents/Coding/FastAPI/app/.venv/lib/python3.12/site-packages/starlette/middleware/errors.py", line 164, in __call__
    await self.app(scope, receive, _send)
  File "/Users/norbulama/Documents/Coding/FastAPI/app/.venv/lib/python3.12/site-packages/starlette/middleware/exceptions.py", line 63, in __call__
    await wrap_app_handling_exceptions(self.app, conn)(scope, receive, send)
  File "/Users/norbulama/Documents/Coding/FastAPI/app/.venv/lib/python3.12/site-packages/starlette/_exception_handler.py", line 53, in wrapped_app
    raise exc
  File "/Users/norbulama/Documents/Coding/FastAPI/app/.venv/lib/python3.12/site-packages/starlette/_exception_handler.py", line 42, in wrapped_app
    await app(scope, receive, sender)
  File "/Users/norbulama/Documents/Coding/FastAPI/app/.venv/lib/python3.12/site-packages/fastapi/middleware/asyncexitstack.py", line 18, in __call__
    await self.app(scope, receive, send)
  File "/Users/norbulama/Documents/Coding/FastAPI/app/.venv/lib/python3.12/site-packages/starlette/routing.py", line 670, in __call__
    await self.middleware_stack(scope, receive, send)
  File "/Users/norbulama/Documents/Coding/FastAPI/app/.venv/lib/python3.12/site-packages/fastapi/routing.py", line 2734, in app
    await route.handle(scope, receive, send)
  File "/Users/norbulama/Documents/Coding/FastAPI/app/.venv/lib/python3.12/site-packages/fastapi/routing.py", line 1780, in handle
    await self.original_router.handle(scope, receive, send)
  File "/Users/norbulama/Documents/Coding/FastAPI/app/.venv/lib/python3.12/site-packages/fastapi/routing.py", line 2789, in handle
    await included_router._handle_selected(scope, receive, send)
  File "/Users/norbulama/Documents/Coding/FastAPI/app/.venv/lib/python3.12/site-packages/fastapi/routing.py", line 1800, in _handle_selected
    await original_route.handle(scope, receive, send)
  File "/Users/norbulama/Documents/Coding/FastAPI/app/.venv/lib/python3.12/site-packages/fastapi/routing.py", line 1279, in handle
    await app(scope, receive, send)
  File "/Users/norbulama/Documents/Coding/FastAPI/app/.venv/lib/python3.12/site-packages/fastapi/routing.py", line 158, in app
    await wrap_app_handling_exceptions(app, request)(scope, receive, send)
  File "/Users/norbulama/Documents/Coding/FastAPI/app/.venv/lib/python3.12/site-packages/starlette/_exception_handler.py", line 53, in wrapped_app
    raise exc
  File "/Users/norbulama/Documents/Coding/FastAPI/app/.venv/lib/python3.12/site-packages/starlette/_exception_handler.py", line 42, in wrapped_app
    await app(scope, receive, sender)
  File "/Users/norbulama/Documents/Coding/FastAPI/app/.venv/lib/python3.12/site-packages/fastapi/routing.py", line 144, in app
    response = await f(request)
               ^^^^^^^^^^^^^^^^
  File "/Users/norbulama/Documents/Coding/FastAPI/app/.venv/lib/python3.12/site-packages/fastapi/routing.py", line 727, in app
    content = await serialize_response(
              ^^^^^^^^^^^^^^^^^^^^^^^^^
  File "/Users/norbulama/Documents/Coding/FastAPI/app/.venv/lib/python3.12/site-packages/fastapi/routing.py", line 324, in serialize_response
    raise ResponseValidationError(
fastapi.exceptions.ResponseValidationError: 1 validation error:
  {'type': 'string_type', 'loc': ('response', 'author'), 'msg': 'Input should be a valid string', 'input': <app.models.Author object at 0x109156570>}

  File "/Users/norbulama/Documents/Coding/FastAPI/app/routers/books.py", line 41, in create_book
    POST /books
INFO:     127.0.0.1:51684 - "POST /books HTTP/1.1" 500 Internal Server Error
ERROR:    Exception in ASGI application
Traceback (most recent call last):
  File "/Users/norbulama/Documents/Coding/FastAPI/app/.venv/lib/python3.12/site-packages/uvicorn/protocols/http/httptools_impl.py", line 422, in run_asgi
    result = await app(  # type: ignore[func-returns-value]
             ^^^^^^^^^^^^^^^^^^^^^^^^^^^^^^^^^^^^^^^^^^^^^^
  File "/Users/norbulama/Documents/Coding/FastAPI/app/.venv/lib/python3.12/site-packages/uvicorn/middleware/proxy_headers.py", line 63, in __call__
    return await self.app(scope, receive, send)
           ^^^^^^^^^^^^^^^^^^^^^^^^^^^^^^^^^^^^
  File "/Users/norbulama/Documents/Coding/FastAPI/app/.venv/lib/python3.12/site-packages/fastapi/applications.py", line 1163, in __call__
    await super().__call__(scope, receive, send)
  File "/Users/norbulama/Documents/Coding/FastAPI/app/.venv/lib/python3.12/site-packages/starlette/applications.py", line 96, in __call__
    await self.middleware_stack(scope, receive, send)
  File "/Users/norbulama/Documents/Coding/FastAPI/app/.venv/lib/python3.12/site-packages/starlette/middleware/errors.py", line 186, in __call__
    raise exc
  File "/Users/norbulama/Documents/Coding/FastAPI/app/.venv/lib/python3.12/site-packages/starlette/middleware/errors.py", line 164, in __call__
    await self.app(scope, receive, _send)
  File "/Users/norbulama/Documents/Coding/FastAPI/app/.venv/lib/python3.12/site-packages/starlette/middleware/exceptions.py", line 63, in __call__
    await wrap_app_handling_exceptions(self.app, conn)(scope, receive, send)
  File "/Users/norbulama/Documents/Coding/FastAPI/app/.venv/lib/python3.12/site-packages/starlette/_exception_handler.py", line 53, in wrapped_app
    raise exc
  File "/Users/norbulama/Documents/Coding/FastAPI/app/.venv/lib/python3.12/site-packages/starlette/_exception_handler.py", line 42, in wrapped_app
    await app(scope, receive, sender)
  File "/Users/norbulama/Documents/Coding/FastAPI/app/.venv/lib/python3.12/site-packages/fastapi/middleware/asyncexitstack.py", line 18, in __call__
    await self.app(scope, receive, send)
  File "/Users/norbulama/Documents/Coding/FastAPI/app/.venv/lib/python3.12/site-packages/starlette/routing.py", line 670, in __call__
    await self.middleware_stack(scope, receive, send)
  File "/Users/norbulama/Documents/Coding/FastAPI/app/.venv/lib/python3.12/site-packages/fastapi/routing.py", line 2734, in app
    await route.handle(scope, receive, send)
  File "/Users/norbulama/Documents/Coding/FastAPI/app/.venv/lib/python3.12/site-packages/fastapi/routing.py", line 1780, in handle
    await self.original_router.handle(scope, receive, send)
  File "/Users/norbulama/Documents/Coding/FastAPI/app/.venv/lib/python3.12/site-packages/fastapi/routing.py", line 2789, in handle
    await included_router._handle_selected(scope, receive, send)
  File "/Users/norbulama/Documents/Coding/FastAPI/app/.venv/lib/python3.12/site-packages/fastapi/routing.py", line 1800, in _handle_selected
    await original_route.handle(scope, receive, send)
  File "/Users/norbulama/Documents/Coding/FastAPI/app/.venv/lib/python3.12/site-packages/fastapi/routing.py", line 1279, in handle
    await app(scope, receive, send)
  File "/Users/norbulama/Documents/Coding/FastAPI/app/.venv/lib/python3.12/site-packages/fastapi/routing.py", line 158, in app
    await wrap_app_handling_exceptions(app, request)(scope, receive, send)
  File "/Users/norbulama/Documents/Coding/FastAPI/app/.venv/lib/python3.12/site-packages/starlette/_exception_handler.py", line 53, in wrapped_app
    raise exc
  File "/Users/norbulama/Documents/Coding/FastAPI/app/.venv/lib/python3.12/site-packages/starlette/_exception_handler.py", line 42, in wrapped_app
    await app(scope, receive, sender)
  File "/Users/norbulama/Documents/Coding/FastAPI/app/.venv/lib/python3.12/site-packages/fastapi/routing.py", line 144, in app
    response = await f(request)
               ^^^^^^^^^^^^^^^^
  File "/Users/norbulama/Documents/Coding/FastAPI/app/.venv/lib/python3.12/site-packages/fastapi/routing.py", line 727, in app
    content = await serialize_response(
              ^^^^^^^^^^^^^^^^^^^^^^^^^
  File "/Users/norbulama/Documents/Coding/FastAPI/app/.venv/lib/python3.12/site-packages/fastapi/routing.py", line 324, in serialize_response
    raise ResponseValidationError(
fastapi.exceptions.ResponseValidationError: 1 validation error:
  {'type': 'string_type', 'loc': ('response', 'author'), 'msg': 'Input should be a valid string', 'input': <app.models.Author object at 0x1091575f0>}

  File "/Users/norbulama/Documents/Coding/FastAPI/app/routers/books.py", line 41, in create_book
    POST /books
WARNING:  WatchFiles detected changes in 'app/routers/books.py'. Reloading...
INFO:     Shutting down
INFO:     Waiting for application shutdown.
INFO:     Application shutdown complete.
INFO:     Finished server process [50978]
INFO:     Started server process [52285]
INFO:     Waiting for application startup.
INFO:     Application startup complete.
